
Memory Configuration

Name             Origin             Length             Attributes
flash            0x08000000         0x00020000         xr
sram             0x20000000         0x00005000         xrw
*default*        0x00000000         0xffffffff

Linker script and memory map


.text           0x08000000      0x128
 *(.vectors*)
 .vectors       0x08000000       0x1c startup.o
                0x08000000                vectors
 *(.text*)
 .text          0x0800001c       0x90 startup.o
                0x0800001c                Bus_fault
                0x0800001c                Usage_fault_Handler
                0x0800001c                Default_Handler
                0x0800001c                NM_fault_Handler
                0x0800001c                H_fault_Handler
                0x0800001c                NMI_Handler
                0x08000028                reset_Handler
 .text          0x080000ac       0x7c main.o
                0x080000ac                main
 *(.rodata)
                0x08000128                _E_text = .

.glue_7         0x08000128        0x0
 .glue_7        0x08000128        0x0 linker stubs

.glue_7t        0x08000128        0x0
 .glue_7t       0x08000128        0x0 linker stubs

.vfp11_veneer   0x08000128        0x0
 .vfp11_veneer  0x08000128        0x0 linker stubs

.v4_bx          0x08000128        0x0
 .v4_bx         0x08000128        0x0 linker stubs

.iplt           0x08000128        0x0
 .iplt          0x08000128        0x0 startup.o

.rel.dyn        0x08000128        0x0
 .rel.iplt      0x08000128        0x0 startup.o

.data           0x20000000        0x0 load address 0x08000128
                0x20000000                _S_data = .
 *(.data)
 .data          0x20000000        0x0 startup.o
 .data          0x20000000        0x0 main.o
                0x20000000                . = ALIGN (0x4)
                0x20000000                _E_data = .

.igot.plt       0x20000000        0x0 load address 0x08000128
 .igot.plt      0x20000000        0x0 startup.o

.bss            0x20000000     0x1000 load address 0x08000128
                0x20000000                _S_bss = .
 *(.bss*)
 .bss           0x20000000        0x0 startup.o
 .bss           0x20000000        0x0 main.o
                0x20000000                . = ALIGN (0x4)
                0x20000000                _E_bss = .
                0x20001000                . = (. + 0x1000)
 *fill*         0x20000000     0x1000 
                0x20001000                _stack_top = .
LOAD startup.o
LOAD main.o
OUTPUT(learn-in-depth-cortex-m3.elf elf32-littlearm)
LOAD linker stubs

.debug_info     0x00000000      0x281
 .debug_info    0x00000000      0x1af startup.o
 .debug_info    0x000001af       0xd2 main.o

.debug_abbrev   0x00000000      0x165
 .debug_abbrev  0x00000000       0xe4 startup.o
 .debug_abbrev  0x000000e4       0x81 main.o

.debug_loc      0x00000000       0xb4
 .debug_loc     0x00000000       0x7c startup.o
 .debug_loc     0x0000007c       0x38 main.o

.debug_aranges  0x00000000       0x40
 .debug_aranges
                0x00000000       0x20 startup.o
 .debug_aranges
                0x00000020       0x20 main.o

.debug_line     0x00000000      0x153
 .debug_line    0x00000000       0xcf startup.o
 .debug_line    0x000000cf       0x84 main.o

.debug_str      0x00000000      0x1bd
 .debug_str     0x00000000      0x1a9 startup.o
                                0x1e4 (size before relaxing)
 .debug_str     0x000001a9       0x14 main.o
                                0x158 (size before relaxing)

.comment        0x00000000       0x49
 .comment       0x00000000       0x49 startup.o
                                 0x4a (size before relaxing)
 .comment       0x00000049       0x4a main.o

.ARM.attributes
                0x00000000       0x2d
 .ARM.attributes
                0x00000000       0x2d startup.o
 .ARM.attributes
                0x0000002d       0x2d main.o

.debug_frame    0x00000000       0x7c
 .debug_frame   0x00000000       0x50 startup.o
 .debug_frame   0x00000050       0x2c main.o
