
Memory Configuration

Name             Origin             Length             Attributes
flash            0x08000000         0x00020000         xr
sram             0x20000000         0x00005000         xrw
*default*        0x00000000         0xffffffff

Linker script and memory map


.text           0x08000000      0x2d0
 *(.vectors*)
 .vectors       0x08000000       0x1c startup.o
                0x08000000                vectors
 *(.text*)
 .text          0x0800001c       0x90 startup.o
                0x0800001c                Bus_fault
                0x0800001c                Usage_fault_Handler
                0x0800001c                Default_Handler
                0x0800001c                NM_fault_Handler
                0x0800001c                H_fault_Handler
                0x0800001c                NMI_Handler
                0x08000028                reset_Handler
 .text          0x080000ac       0x60 main.o
                0x080000ac                setup
                0x080000e4                main
 .text          0x0800010c       0x68 Alarm.o
                0x0800010c                ST_highPressure
                0x08000128                ST_alarmON
                0x08000144                ST_alarmOff
                0x08000152                ST_alarmWaiting
 .text          0x08000174       0x4c PressureSensor.o
                0x08000174                ST_PS_reading
                0x0800019c                ST_PS_waiting
 .text          0x080001c0       0x4c mainAlgorithm.o
                0x080001c0                ST_setPressure
                0x080001dc                ST_pressureDetection
 .text          0x0800020c       0xc4 driver.o
                0x0800020c                Delay
                0x0800022e                getPressureVal
                0x08000244                Set_Alarm_actuator
                0x08000280                GPIO_INITIALIZATION
 *(.rodata)
                0x080002d0                _E_text = .

.glue_7         0x080002d0        0x0
 .glue_7        0x080002d0        0x0 linker stubs

.glue_7t        0x080002d0        0x0
 .glue_7t       0x080002d0        0x0 linker stubs

.vfp11_veneer   0x080002d0        0x0
 .vfp11_veneer  0x080002d0        0x0 linker stubs

.v4_bx          0x080002d0        0x0
 .v4_bx         0x080002d0        0x0 linker stubs

.iplt           0x080002d0        0x0
 .iplt          0x080002d0        0x0 startup.o

.rel.dyn        0x080002d0        0x0
 .rel.iplt      0x080002d0        0x0 startup.o

.data           0x20000000        0x4 load address 0x080002d0
                0x20000000                _S_data = .
 *(.data)
 .data          0x20000000        0x0 startup.o
 .data          0x20000000        0x0 main.o
 .data          0x20000000        0x0 Alarm.o
 .data          0x20000000        0x0 PressureSensor.o
 .data          0x20000000        0x4 mainAlgorithm.o
                0x20000000                threshold
 .data          0x20000004        0x0 driver.o
                0x20000004                . = ALIGN (0x4)
                0x20000004                _E_data = .

.igot.plt       0x20000004        0x0 load address 0x080002d4
 .igot.plt      0x20000004        0x0 startup.o

.bss            0x20000004     0x1010 load address 0x080002d4
                0x20000004                _S_bss = .
 *(.bss*)
 .bss           0x20000004        0x0 startup.o
 .bss           0x20000004        0x0 main.o
 .bss           0x20000004        0x4 Alarm.o
                0x20000004                alarmState
 .bss           0x20000008        0x8 PressureSensor.o
                0x20000008                Pval
                0x2000000c                GPpressureState
 .bss           0x20000010        0x4 mainAlgorithm.o
                0x20000010                mainAlgoState
 .bss           0x20000014        0x0 driver.o
                0x20000014                . = ALIGN (0x4)
                0x20000014                _E_bss = .
                0x20001014                . = (. + 0x1000)
 *fill*         0x20000014     0x1000 
                0x20001014                _stack_top = .
LOAD startup.o
LOAD main.o
LOAD Alarm.o
LOAD PressureSensor.o
LOAD mainAlgorithm.o
LOAD driver.o
OUTPUT(learn-in-depth-cortex-m3.elf elf32-littlearm)
LOAD linker stubs

.debug_info     0x00000000      0x69f
 .debug_info    0x00000000      0x1af startup.o
 .debug_info    0x000001af       0xe1 main.o
 .debug_info    0x00000290       0xfb Alarm.o
 .debug_info    0x0000038b       0xf3 PressureSensor.o
 .debug_info    0x0000047e      0x10f mainAlgorithm.o
 .debug_info    0x0000058d      0x112 driver.o

.debug_abbrev   0x00000000      0x435
 .debug_abbrev  0x00000000       0xe4 startup.o
 .debug_abbrev  0x000000e4       0x84 main.o
 .debug_abbrev  0x00000168       0x91 Alarm.o
 .debug_abbrev  0x000001f9       0xb7 PressureSensor.o
 .debug_abbrev  0x000002b0       0xc2 mainAlgorithm.o
 .debug_abbrev  0x00000372       0xc3 driver.o

.debug_loc      0x00000000      0x3a4
 .debug_loc     0x00000000       0x7c startup.o
 .debug_loc     0x0000007c       0x58 main.o
 .debug_loc     0x000000d4       0xc8 Alarm.o
 .debug_loc     0x0000019c       0x58 PressureSensor.o
 .debug_loc     0x000001f4       0x70 mainAlgorithm.o
 .debug_loc     0x00000264      0x140 driver.o

.debug_aranges  0x00000000       0xc0
 .debug_aranges
                0x00000000       0x20 startup.o
 .debug_aranges
                0x00000020       0x20 main.o
 .debug_aranges
                0x00000040       0x20 Alarm.o
 .debug_aranges
                0x00000060       0x20 PressureSensor.o
 .debug_aranges
                0x00000080       0x20 mainAlgorithm.o
 .debug_aranges
                0x000000a0       0x20 driver.o

.debug_line     0x00000000      0x392
 .debug_line    0x00000000       0xcf startup.o
 .debug_line    0x000000cf       0x93 main.o
 .debug_line    0x00000162       0x69 Alarm.o
 .debug_line    0x000001cb       0x72 PressureSensor.o
 .debug_line    0x0000023d       0x6a mainAlgorithm.o
 .debug_line    0x000002a7       0xeb driver.o

.debug_str      0x00000000      0x2f7
 .debug_str     0x00000000      0x1aa startup.o
                                0x1e5 (size before relaxing)
 .debug_str     0x000001aa       0x47 main.o
                                0x191 (size before relaxing)
 .debug_str     0x000001f1       0x3f Alarm.o
                                0x1a0 (size before relaxing)
 .debug_str     0x00000230       0x41 PressureSensor.o
                                0x1a7 (size before relaxing)
 .debug_str     0x00000271       0x2f mainAlgorithm.o
                                0x1b7 (size before relaxing)
 .debug_str     0x000002a0       0x57 driver.o
                                0x1b6 (size before relaxing)

.comment        0x00000000       0x49
 .comment       0x00000000       0x49 startup.o
                                 0x4a (size before relaxing)
 .comment       0x00000049       0x4a main.o
 .comment       0x00000049       0x4a Alarm.o
 .comment       0x00000049       0x4a PressureSensor.o
 .comment       0x00000049       0x4a mainAlgorithm.o
 .comment       0x00000049       0x4a driver.o

.ARM.attributes
                0x00000000       0x2d
 .ARM.attributes
                0x00000000       0x2d startup.o
 .ARM.attributes
                0x0000002d       0x2d main.o
 .ARM.attributes
                0x0000005a       0x2d Alarm.o
 .ARM.attributes
                0x00000087       0x2d PressureSensor.o
 .ARM.attributes
                0x000000b4       0x2d mainAlgorithm.o
 .ARM.attributes
                0x000000e1       0x2d driver.o

.debug_frame    0x00000000      0x250
 .debug_frame   0x00000000       0x50 startup.o
 .debug_frame   0x00000050       0x48 main.o
 .debug_frame   0x00000098       0x84 Alarm.o
 .debug_frame   0x0000011c       0x48 PressureSensor.o
 .debug_frame   0x00000164       0x4c mainAlgorithm.o
 .debug_frame   0x000001b0       0xa0 driver.o
