
Memory Configuration

Name             Origin             Length             Attributes
flash            0x00000000         0x20000000         xr
sram             0x20000000         0x20000000         xrw
*default*        0x00000000         0xffffffff

Linker script and memory map


.text           0x00000000      0x12c
 *(.vectors*)
 .vectors       0x00000000       0x10 startup.o
                0x00000000                g_p_fn_vectors
 *(.text*)
 .text          0x00000010       0x90 startup.o
                0x00000010                Bus_fault
                0x00000010                Usage_fault_Handler
                0x00000010                Default_Handler
                0x00000010                NM_fault_Handler
                0x00000010                H_fault_Handler
                0x00000010                NMI_Handler
                0x0000001c                reset_Handler
 .text          0x000000a0       0x8c main.o
                0x000000a0                main
 *(.rodata)
                0x0000012c                _E_text = .

.glue_7         0x0000012c        0x0
 .glue_7        0x0000012c        0x0 linker stubs

.glue_7t        0x0000012c        0x0
 .glue_7t       0x0000012c        0x0 linker stubs

.vfp11_veneer   0x0000012c        0x0
 .vfp11_veneer  0x0000012c        0x0 linker stubs

.v4_bx          0x0000012c        0x0
 .v4_bx         0x0000012c        0x0 linker stubs

.iplt           0x0000012c        0x0
 .iplt          0x0000012c        0x0 startup.o

.rel.dyn        0x0000012c        0x0
 .rel.iplt      0x0000012c        0x0 startup.o

.data           0x20000000        0x0 load address 0x0000012c
                0x20000000                _S_data = .
 *(.data)
 .data          0x20000000        0x0 startup.o
 .data          0x20000000        0x0 main.o
                0x20000000                . = ALIGN (0x4)
                0x20000000                _E_data = .

.igot.plt       0x20000000        0x0 load address 0x0000012c
 .igot.plt      0x20000000        0x0 startup.o

.bss            0x20000000      0x400 load address 0x0000012c
                0x20000000                _S_bss = .
 *(.bss*)
 .bss           0x20000000      0x400 startup.o
 .bss           0x20000400        0x0 main.o
                0x20000400                . = ALIGN (0x4)
                0x20000400                _E_bss = .
LOAD startup.o
LOAD main.o
OUTPUT(unit3-lab4-cortexM4.elf elf32-littlearm)
LOAD linker stubs

.debug_info     0x00000000      0x278
 .debug_info    0x00000000      0x1c6 startup.o
 .debug_info    0x000001c6       0xb2 main.o

.debug_abbrev   0x00000000      0x164
 .debug_abbrev  0x00000000       0xf7 startup.o
 .debug_abbrev  0x000000f7       0x6d main.o

.debug_aranges  0x00000000       0x40
 .debug_aranges
                0x00000000       0x20 startup.o
 .debug_aranges
                0x00000020       0x20 main.o

.debug_line     0x00000000      0x179
 .debug_line    0x00000000       0xcf startup.o
 .debug_line    0x000000cf       0xaa main.o

.debug_str      0x00000000      0x231
 .debug_str     0x00000000      0x1a9 startup.o
                                0x1e4 (size before relaxing)
 .debug_str     0x000001a9       0x88 main.o
                                0x165 (size before relaxing)

.comment        0x00000000       0x49
 .comment       0x00000000       0x49 startup.o
                                 0x4a (size before relaxing)
 .comment       0x00000049       0x4a main.o

.ARM.attributes
                0x00000000       0x2e
 .ARM.attributes
                0x00000000       0x2e startup.o
 .ARM.attributes
                0x0000002e       0x2e main.o

.debug_frame    0x00000000       0x7c
 .debug_frame   0x00000000       0x50 startup.o
 .debug_frame   0x00000050       0x2c main.o

.debug_loc      0x00000000       0x38
 .debug_loc     0x00000000       0x38 main.o
